2026-08-16 22:25:49,139 INFO:main.py:246:print_splash_screen:PDB2PQR v3.7.1: biomolecular structure conversion software.
2026-08-16 22:25:49,139 INFO:main.py:248:print_splash_screen:Please cite:  Jurrus E, et al.  Improvements to the APBS biomolecular solvation software suite.  Protein Sci 27 112-128 (2018).
2026-08-16 22:25:49,139 INFO:main.py:248:print_splash_screen:Please cite:  Dolinsky TJ, et al.  PDB2PQR: expanding and upgrading automated preparation of biomolecular structures for molecular simulations. Nucleic Acids Res 35 W522-W525 (2007).
2026-08-16 22:25:49,139 INFO:main.py:770:main_driver:Checking and transforming input arguments.
2026-08-16 22:25:49,139 INFO:main.py:774:main_driver:Loading topology files.
2026-08-16 22:25:49,158 INFO:main.py:776:main_driver:Loading molecule: /Users/nek/Desktop/School/Research/Step_Outputs/Phase2/StepC/Supplementary_Archive/Vax_Var1_fb3faeb6_minimized.pdb
2026-08-16 22:25:49,159 INFO:main.py:781:main_driver:Setting up molecule.
2026-08-16 22:25:49,160 INFO:main.py:423:setup_molecule:Created biomolecule object with 138 residues and 1083 atoms.
2026-08-16 22:25:49,160 INFO:main.py:785:main_driver:Setting termini states for biomolecule chains.
2026-08-16 22:25:49,161 INFO:main.py:616:non_trivial:Loading forcefield.
2026-08-16 22:25:49,164 INFO:main.py:620:non_trivial:Loading hydrogen topology definitions.
2026-08-16 22:25:49,165 INFO:main.py:474:is_repairable:This biomolecule is clean.  No repair needed.
2026-08-16 22:25:49,165 INFO:main.py:635:non_trivial:Updating disulfide bridges.
2026-08-16 22:25:49,165 INFO:main.py:638:non_trivial:Debumping biomolecule.
2026-08-16 22:25:49,175 INFO:main.py:645:non_trivial:Assigning titration states with PROPKA.
2026-08-16 22:25:49,177 INFO:output.py:74:print_header:
propka3.5.1                                                                                  2026-08-16

-------------------------------------------------------------------------------
--                                                                           --
--  PROPKA: A PROTEIN PKA PREDICTOR                                          --
--                                                                           --
--  VERSION 1.0,  04/25/2004,  IOWA CITY                                     --
--  BY HUI LI                                                                --
--                                                                           --
--  VERSION 2.0,  11/05/2007, IOWA CITY/COPENHAGEN                           --
--  BY DELPHINE C. BAS AND DAVID M. ROGERS                                   --
--                                                                           --
--  VERSION 3.0,  01/06/2011, COPENHAGEN                                     --
--  BY MATS H.M. OLSSON AND CHRESTEN R. SONDERGARD                           --
--                                                                           --
--  VERSION 3.1,  07/01/2011, COPENHAGEN                                     --
--  BY CHRESTEN R. SONDERGARD AND MATS H.M. OLSSON                           --
--                                                                           --
--  VERSION 3.2,  06/17/2020, PLANET EARTH                                   --
--  SEE ABOVE FOR AUTHORS                                                    --
--                                                                           --
-------------------------------------------------------------------------------


-------------------------------------------------------------------------------
References:

Very Fast Empirical Prediction and Rationalization of Protein pKa Values.
Hui Li, Andrew D. Robertson and Jan H. Jensen. PROTEINS: Structure, Function,
and Bioinformatics. 61:704-721 (2005)

Very Fast Prediction and Rationalization of pKa Values for Protein-Ligand
Complexes.  Delphine C. Bas, David M. Rogers and Jan H. Jensen.  PROTEINS:
Structure, Function, and Bioinformatics 73:765-783 (2008)

PROPKA3: Consistent Treatment of Internal and Surface Residues in Empirical
pKa predictions.  Mats H.M. Olsson, Chresten R. Sondergard, Michal Rostkowski,
and Jan H. Jensen.  Journal of Chemical Theory and Computation, 7(2):525-537
(2011)

Improved Treatment of Ligands and Coupling Effects in Empirical Calculation
and Rationalization of pKa Values.  Chresten R. Sondergaard, Mats H.M. Olsson,
Michal Rostkowski, and Jan H. Jensen.  Journal of Chemical Theory and
Computation, (2011)
-------------------------------------------------------------------------------



2026-08-16 22:25:49,194 INFO:conformation_container.py:124:find_covalently_coupled_groups:Coupling map:

2026-08-16 22:25:49,194 INFO:conformation_container.py:213:calculate_pka:Calculating pKas for Conformation container 1A with 1306 atoms and 345 groups
2026-08-16 22:25:49,228 INFO:output.py:225:print_pka_section:pKa determinants:

---------  -----   ------   ---------------------    --------------    --------------    --------------
                            DESOLVATION  EFFECTS       SIDECHAIN          BACKBONE        COULOMBIC
 RESIDUE    pKa    BURIED     REGULAR      RE        HYDROGEN BOND     HYDROGEN BOND      INTERACTION
---------  -----   ------   ---------   ---------    --------------    --------------    --------------

ASP  70 A   3.91     0 %    0.20  169   0.00    0    0.00 XXX   0 X    0.00 XXX   0 X   -0.09 LYS  67 A

ASP 113 A   3.42     0 %    0.36  145   0.00    0   -0.73 ARG 112 A    0.00 XXX   0 X    0.00 XXX   0 X

GLU  27 A   2.17     0 %    0.68  243   0.00    0   -1.67 ARG  17 A   -0.83 LEU  24 A   -0.11 ARG  43 A
GLU  27 A                                            0.00 XXX   0 X    0.00 XXX   0 X   -0.01 LYS  44 A
GLU  27 A                                            0.00 XXX   0 X    0.00 XXX   0 X   -0.38 ARG  17 A

GLU  28 A   3.62     0 %    0.34  220   0.00    0   -0.70 ARG  42 A    0.00 XXX   0 X   -0.04 ARG  14 A
GLU  28 A                                            0.00 XXX   0 X    0.00 XXX   0 X   -0.04 LYS  44 A
GLU  28 A                                            0.00 XXX   0 X    0.00 XXX   0 X   -0.09 LYS  45 A
GLU  28 A                                            0.00 XXX   0 X    0.00 XXX   0 X   -0.34 ARG  42 A

GLU  46 A   4.47     0 %    0.10  122   0.00    0    0.00 XXX   0 X    0.00 XXX   0 X   -0.13 LYS  44 A

GLU  63 A   4.60     0 %    0.10  104   0.00    0    0.00 XXX   0 X    0.00 XXX   0 X   -0.00 LYS  68 A

GLU  72 A   3.69     0 %    0.21  151   0.00    0   -0.85 LYS  76 A    0.00 XXX   0 X   -0.18 LYS  68 A

GLU  88 A   4.62     0 %    0.12  133   0.00    0    0.00 XXX   0 X    0.00 XXX   0 X    0.00 XXX   0 X

GLU  89 A   4.63     0 %    0.13   98   0.00    0    0.00 XXX   0 X    0.00 XXX   0 X    0.00 XXX   0 X

GLU  95 A   3.80     0 %    0.12   98   0.00    0   -0.83 ASN  93 A    0.00 XXX   0 X    0.00 XXX   0 X

GLU 115 A   4.50     0 %    0.21  184   0.00    0    0.00 XXX   0 X    0.00 XXX   0 X   -0.18 LYS 119 A
GLU 115 A                                            0.00 XXX   0 X    0.00 XXX   0 X   -0.03 LYS 122 A

GLU 134 A   4.56     0 %    0.06   60   0.00    0    0.00 XXX   0 X    0.00 XXX   0 X    0.00 XXX   0 X

C-  138 A   3.28     0 %    0.08   27   0.00    0    0.00 XXX   0 X    0.00 XXX   0 X    0.00 XXX   0 X

HIS  52 A   6.33     0 %   -0.17   95   0.00    0    0.00 XXX   0 X    0.00 XXX   0 X    0.00 XXX   0 X

HIS 123 A   6.33     0 %   -0.17  111   0.00    0    0.00 XXX   0 X    0.00 XXX   0 X    0.00 XXX   0 X

CYS  11 A  99.99     0 %    0.00    0   0.00    0    0.00 XXX   0 X    0.00 XXX   0 X    0.00 XXX   0 X

CYS  18 A  99.99     0 %    0.00    0   0.00    0    0.00 XXX   0 X    0.00 XXX   0 X    0.00 XXX   0 X

CYS  23 A  99.99     0 %    0.00    0   0.00    0    0.00 XXX   0 X    0.00 XXX   0 X    0.00 XXX   0 X

CYS  33 A  99.99     0 %    0.00    0   0.00    0    0.00 XXX   0 X    0.00 XXX   0 X    0.00 XXX   0 X

CYS  40 A  99.99     0 %    0.00    0   0.00    0    0.00 XXX   0 X    0.00 XXX   0 X    0.00 XXX   0 X

CYS  41 A  99.99     0 %    0.00    0   0.00    0    0.00 XXX   0 X    0.00 XXX   0 X    0.00 XXX   0 X

CYS  79 A   9.38     0 %    0.40  217   0.00    0    0.00 XXX   0 X   -0.02 CYS  79 A   -0.00 LYS  76 A

TYR   9 A  11.07     0 %    0.85  252   0.00    0    0.00 XXX   0 X    0.00 XXX   0 X   -0.01 ARG  12 A
TYR   9 A                                            0.00 XXX   0 X    0.00 XXX   0 X    0.05 ASP  70 A
TYR   9 A                                            0.00 XXX   0 X    0.00 XXX   0 X    0.18 TYR  74 A

TYR  10 A   9.85     0 %    0.21  234   0.00    0    0.00 XXX   0 X    0.00 XXX   0 X   -0.34 ARG  14 A
TYR  10 A                                            0.00 XXX   0 X    0.00 XXX   0 X   -0.02 LYS 103 A

TYR  74 A  10.43     0 %    0.43  252   0.00    0    0.00 XXX   0 X    0.00 XXX   0 X    0.00 XXX   0 X

TYR 117 A   9.62     0 %    0.23  194   0.00    0   -0.19 LYS 121 A    0.00 XXX   0 X   -0.04 LYS  68 A
TYR 117 A                                            0.00 XXX   0 X    0.00 XXX   0 X   -0.38 LYS 121 A

LYS   8 A  10.02     0 %   -0.14  221   0.00    0    0.00 XXX   0 X    0.00 XXX   0 X   -0.20 ARG  12 A
LYS   8 A                                            0.00 XXX   0 X    0.00 XXX   0 X   -0.14 ARG  38 A

LYS  26 A  10.44     0 %   -0.06  115   0.00    0    0.00 XXX   0 X    0.00 XXX   0 X    0.00 XXX   0 X

LYS  32 A  10.38     0 %   -0.12  190   0.00    0    0.00 XXX   0 X    0.00 XXX   0 X    0.00 XXX   0 X

LYS  39 A  10.20     0 %   -0.24  180   0.00    0    0.00 XXX   0 X    0.00 XXX   0 X   -0.06 LYS  32 A

LYS  44 A  10.42     0 %   -0.26  159   0.00    0    0.00 XXX   0 X    0.00 XXX   0 X    0.01 GLU  27 A
LYS  44 A                                            0.00 XXX   0 X    0.00 XXX   0 X    0.04 GLU  28 A
LYS  44 A                                            0.00 XXX   0 X    0.00 XXX   0 X    0.13 GLU  46 A

LYS  45 A  10.35     0 %   -0.09  199   0.00    0    0.00 XXX   0 X    0.00 XXX   0 X    0.09 GLU  28 A
LYS  45 A                                            0.00 XXX   0 X    0.00 XXX   0 X   -0.15 ARG  42 A

LYS  50 A  10.46     0 %   -0.04   75   0.00    0    0.00 XXX   0 X    0.00 XXX   0 X    0.00 XXX   0 X

LYS  67 A  10.34     0 %   -0.20  234   0.00    0    0.00 XXX   0 X    0.00 XXX   0 X   -0.06 ARG  12 A
LYS  67 A                                            0.00 XXX   0 X    0.00 XXX   0 X    0.09 ASP  70 A

LYS  68 A  10.49     0 %   -0.10  179   0.00    0    0.00 XXX   0 X    0.00 XXX   0 X    0.00 GLU  63 A
LYS  68 A                                            0.00 XXX   0 X    0.00 XXX   0 X    0.18 GLU  72 A
LYS  68 A                                            0.00 XXX   0 X    0.00 XXX   0 X   -0.01 LYS  76 A
LYS  68 A                                            0.00 XXX   0 X    0.00 XXX   0 X    0.04 TYR 117 A
LYS  68 A                                            0.00 XXX   0 X    0.00 XXX   0 X   -0.12 LYS 121 A

LYS  76 A  11.08     0 %   -0.27  128   0.00    0    0.85 GLU  72 A    0.00 XXX   0 X    0.00 CYS  79 A

LYS  85 A  10.41     0 %   -0.09  116   0.00    0    0.00 XXX   0 X    0.00 XXX   0 X    0.00 XXX   0 X

LYS  86 A  10.41     0 %   -0.09  131   0.00    0    0.00 XXX   0 X    0.00 XXX   0 X    0.00 XXX   0 X

LYS  90 A  10.40     0 %   -0.10  122   0.00    0    0.00 XXX   0 X    0.00 XXX   0 X    0.00 XXX   0 X

LYS 103 A  10.45     0 %   -0.07  153   0.00    0    0.00 XXX   0 X    0.00 XXX   0 X    0.02 TYR  10 A

LYS 104 A  10.48     0 %   -0.02   37   0.00    0    0.00 XXX   0 X    0.00 XXX   0 X    0.00 XXX   0 X

LYS 119 A  10.53     0 %   -0.15  141   0.00    0    0.00 XXX   0 X    0.00 XXX   0 X    0.18 GLU 115 A

LYS 121 A  10.90     0 %   -0.17  179   0.00    0    0.19 TYR 117 A    0.00 XXX   0 X    0.38 TYR 117 A

LYS 122 A  10.36     0 %   -0.13  139   0.00    0    0.00 XXX   0 X    0.00 XXX   0 X    0.03 GLU 115 A
LYS 122 A                                            0.00 XXX   0 X    0.00 XXX   0 X   -0.03 LYS 119 A

ARG  12 A  12.35     0 %   -0.16  241   0.00    0    0.00 XXX   0 X    0.00 XXX   0 X    0.01 TYR   9 A

ARG  14 A  12.29     0 %   -0.43  247   0.00    0    0.00 XXX   0 X    0.00 XXX   0 X    0.34 TYR  10 A
ARG  14 A                                            0.00 XXX   0 X    0.00 XXX   0 X    0.04 GLU  28 A
ARG  14 A                                            0.00 XXX   0 X    0.00 XXX   0 X   -0.15 ARG  42 A

ARG  17 A  14.18     0 %   -0.38  234   0.00    0    1.67 GLU  27 A    0.00 XXX   0 X    0.38 GLU  27 A

ARG  36 A  12.44     0 %   -0.06  118   0.00    0    0.00 XXX   0 X    0.00 XXX   0 X    0.00 XXX   0 X

ARG  38 A  12.22     0 %   -0.27  233   0.00    0    0.00 XXX   0 X    0.00 XXX   0 X   -0.01 ARG  17 A

ARG  42 A  13.18     0 %   -0.37  241   0.00    0    0.70 GLU  28 A    0.00 XXX   0 X    0.34 GLU  28 A

ARG  43 A  12.47     0 %   -0.10  164   0.00    0    0.00 XXX   0 X    0.00 XXX   0 X    0.11 GLU  27 A
ARG  43 A                                            0.00 XXX   0 X    0.00 XXX   0 X   -0.05 ARG  17 A

ARG  62 A  12.43     0 %   -0.07  131   0.00    0    0.00 XXX   0 X    0.00 XXX   0 X    0.00 XXX   0 X

ARG  65 A  12.42     0 %   -0.08   79   0.00    0    0.00 XXX   0 X    0.00 XXX   0 X    0.00 XXX   0 X

ARG  69 A  12.45     0 %   -0.05   93   0.00    0    0.00 XXX   0 X    0.00 XXX   0 X    0.00 XXX   0 X

ARG 112 A  13.02     0 %   -0.22  118   0.00    0    0.73 ASP 113 A    0.00 XXX   0 X    0.00 XXX   0 X

ARG 133 A  12.44     0 %   -0.06   63   0.00    0    0.00 XXX   0 X    0.00 XXX   0 X    0.00 XXX   0 X

ARG 136 A  12.46     0 %   -0.04   45   0.00    0    0.00 XXX   0 X    0.00 XXX   0 X    0.00 XXX   0 X

N+    1 A   7.82     0 %   -0.18  124   0.00    0    0.00 XXX   0 X    0.00 XXX   0 X    0.00 XXX   0 X


2026-08-16 22:25:49,228 INFO:output.py:227:print_pka_section:pKa summary:
--------------------------------------------------------------------------------------------------------
SUMMARY OF THIS PREDICTION
       Group      pKa  model-pKa   ligand atom-type
   ASP  70 A     3.91       3.80                      
   ASP 113 A     3.42       3.80                      
   GLU  27 A     2.17       4.50                      
   GLU  28 A     3.62       4.50                      
   GLU  46 A     4.47       4.50                      
   GLU  63 A     4.60       4.50                      
   GLU  72 A     3.69       4.50                      
   GLU  88 A     4.62       4.50                      
   GLU  89 A     4.63       4.50                      
   GLU  95 A     3.80       4.50                      
   GLU 115 A     4.50       4.50                      
   GLU 134 A     4.56       4.50                      
   C-  138 A     3.28       3.20                      
   HIS  52 A     6.33       6.50                      
   HIS 123 A     6.33       6.50                      
   CYS  11 A    99.99       9.00                      
   CYS  18 A    99.99       9.00                      
   CYS  23 A    99.99       9.00                      
   CYS  33 A    99.99       9.00                      
   CYS  40 A    99.99       9.00                      
   CYS  41 A    99.99       9.00                      
   CYS  79 A     9.38       9.00                      
   TYR   9 A    11.07      10.00                      
   TYR  10 A     9.85      10.00                      
   TYR  74 A    10.43      10.00                      
   TYR 117 A     9.62      10.00                      
   LYS   8 A    10.02      10.50                      
   LYS  26 A    10.44      10.50                      
   LYS  32 A    10.38      10.50                      
   LYS  39 A    10.20      10.50                      
   LYS  44 A    10.42      10.50                      
   LYS  45 A    10.35      10.50                      
   LYS  50 A    10.46      10.50                      
   LYS  67 A    10.34      10.50                      
   LYS  68 A    10.49      10.50                      
   LYS  76 A    11.08      10.50                      
   LYS  85 A    10.41      10.50                      
   LYS  86 A    10.41      10.50                      
   LYS  90 A    10.40      10.50                      
   LYS 103 A    10.45      10.50                      
   LYS 104 A    10.48      10.50                      
   LYS 119 A    10.53      10.50                      
   LYS 121 A    10.90      10.50                      
   LYS 122 A    10.36      10.50                      
   ARG  12 A    12.35      12.50                      
   ARG  14 A    12.29      12.50                      
   ARG  17 A    14.18      12.50                      
   ARG  36 A    12.44      12.50                      
   ARG  38 A    12.22      12.50                      
   ARG  42 A    13.18      12.50                      
   ARG  43 A    12.47      12.50                      
   ARG  62 A    12.43      12.50                      
   ARG  65 A    12.42      12.50                      
   ARG  69 A    12.45      12.50                      
   ARG 112 A    13.02      12.50                      
   ARG 133 A    12.44      12.50                      
   ARG 136 A    12.46      12.50                      
   N+    1 A     7.82       8.00                      

2026-08-16 22:25:49,232 INFO:main.py:648:non_trivial:PROPKA information:
--------------------------------------------------------------------------------------------------------
Free energy of   folding (kcal/mol) as a function of pH (using neutral reference)
  0.00      2.72
  1.00      2.68
  2.00      2.39
  3.00      1.23
  4.00     -1.15
  5.00     -3.04
  6.00     -3.55
  7.00     -3.85
  8.00     -4.03
  9.00     -4.05
 10.00     -4.13
 11.00     -4.01
 12.00     -3.64
 13.00     -2.89
 14.00     -1.66

The pH of optimum stability is 10.4 for which the free energy is   -4.2 kcal/mol at 298K
The free energy is within 80 % of maximum at pH  5.5 to 12.5
The free energy is negative in the range  3.6 - 14.0


Protein charge of folded and unfolded state as a function of pH
    pH  unfolded  folded
  0.00     34.00   33.99
  0.10     34.00   33.99
  0.20     34.00   33.99
  0.30     34.00   33.98
  0.40     34.00   33.98
  0.50     34.00   33.97
  0.60     33.99   33.97
  0.70     33.99   33.96
  0.80     33.99   33.95
  0.90     33.99   33.93
  1.00     33.99   33.92
  1.10     33.98   33.90
  1.20     33.98   33.87
  1.30     33.97   33.85
  1.40     33.97   33.81
  1.50     33.96   33.77
  1.60     33.95   33.72
  1.70     33.94   33.66
  1.80     33.92   33.59
  1.90     33.90   33.51
  2.00     33.88   33.42
  2.10     33.85   33.32
  2.20     33.81   33.21
  2.30     33.76   33.09
  2.40     33.71   32.95
  2.50     33.64   32.80
  2.60     33.56   32.63
  2.70     33.46   32.44
  2.80     33.34   32.23
  2.90     33.20   32.00
  3.00     33.03   31.74
  3.10     32.84   31.44
  3.20     32.62   31.12
  3.30     32.37   30.76
  3.40     32.08   30.37
  3.50     31.76   29.95
  3.60     31.39   29.50
  3.70     30.98   29.03
  3.80     30.53   28.55
  3.90     30.04   28.04
  4.00     29.50   27.53
  4.10     28.92   27.01
  4.20     28.31   26.49
  4.30     27.67   25.96
  4.40     27.02   25.44
  4.50     26.36   24.94
  4.60     25.71   24.45
  4.70     25.09   23.99
  4.80     24.51   23.55
  4.90     23.96   23.15
  5.00     23.47   22.78
  5.10     23.04   22.45
  5.20     22.65   22.16
  5.30     22.32   21.89
  5.40     22.02   21.66
  5.50     21.77   21.45
  5.60     21.54   21.25
  5.70     21.34   21.07
  5.80     21.16   20.91
  5.90     20.99   20.74
  6.00     20.83   20.58
  6.10     20.67   20.43
  6.20     20.52   20.27
  6.30     20.37   20.12
  6.40     20.22   19.97
  6.50     20.07   19.83
  6.60     19.92   19.69
  6.70     19.78   19.57
  6.80     19.65   19.45
  6.90     19.52   19.33
  7.00     19.40   19.23
  7.10     19.29   19.13
  7.20     19.19   19.03
  7.30     19.08   18.94
  7.40     18.99   18.85
  7.50     18.89   18.76
  7.60     18.79   18.67
  7.70     18.70   18.57
  7.80     18.59   18.48
  7.90     18.49   18.38
  8.00     18.38   18.29
  8.10     18.26   18.18
  8.20     18.14   18.08
  8.30     18.01   17.97
  8.40     17.87   17.85
  8.50     17.72   17.72
  8.60     17.55   17.57
  8.70     17.37   17.40
  8.80     17.17   17.21
  8.90     16.94   16.98
  9.00     16.68   16.72
  9.10     16.38   16.41
  9.20     16.04   16.05
  9.30     15.64   15.64
  9.40     15.19   15.15
  9.50     14.66   14.60
  9.60     14.06   13.96
  9.70     13.37   13.25
  9.80     12.59   12.45
  9.90     11.71   11.56
 10.00     10.74   10.60
 10.10      9.68    9.56
 10.20      8.54    8.45
 10.30      7.34    7.30
 10.40      6.11    6.13
 10.50      4.87    4.95
 10.60      3.64    3.79
 10.70      2.45    2.66
 10.80      1.32    1.59
 10.90      0.27    0.57
 11.00     -0.70   -0.37
 11.10     -1.58   -1.24
 11.20     -2.38   -2.05
 11.30     -3.11   -2.80
 11.40     -3.79   -3.49
 11.50     -4.42   -4.16
 11.60     -5.03   -4.79
 11.70     -5.63   -5.41
 11.80     -6.24   -6.04
 11.90     -6.87   -6.67
 12.00     -7.53   -7.32
 12.10     -8.23   -7.98
 12.20     -8.96   -8.67
 12.30     -9.73   -9.37
 12.40    -10.51  -10.08
 12.50    -11.31  -10.78
 12.60    -12.09  -11.46
 12.70    -12.85  -12.12
 12.80    -13.56  -12.75
 12.90    -14.22  -13.33
 13.00    -14.82  -13.86
 13.10    -15.34  -14.35
 13.20    -15.80  -14.79
 13.30    -16.19  -15.18
 13.40    -16.52  -15.53
 13.50    -16.80  -15.84
 13.60    -17.03  -16.11
 13.70    -17.22  -16.35
 13.80    -17.37  -16.56
 13.90    -17.49  -16.75
 14.00    -17.60  -16.92
The pI is 10.96 (folded) and 10.93 (unfolded)

--------------------------------------------------------------------------------------------------------
2026-08-16 22:25:49,232 INFO:biomolecule.py:797:apply_pka_values:Applying pKa values at a pH of 7.00:
2026-08-16 22:25:49,233 INFO:main.py:661:non_trivial:Adding hydrogens to biomolecule.
2026-08-16 22:25:49,272 INFO:main.py:664:non_trivial:Debumping biomolecule (again).
2026-08-16 22:25:49,309 INFO:main.py:666:non_trivial:Optimizing hydrogen bonds
2026-08-16 22:25:49,362 INFO:main.py:678:non_trivial:Applying force field to biomolecule states.
2026-08-16 22:25:49,363 INFO:main.py:725:non_trivial:Regenerating headers.
2026-08-16 22:25:49,363 INFO:main.py:750:non_trivial:Regenerating PDB lines.
2026-08-16 22:25:49,367 WARNING:main.py:326:print_pqr:Ignoring 466 header lines in output.
2026-08-17 07:55:52,524 INFO:main.py:246:print_splash_screen:PDB2PQR v3.7.1: biomolecular structure conversion software.
2026-08-17 07:55:52,524 INFO:main.py:248:print_splash_screen:Please cite:  Jurrus E, et al.  Improvements to the APBS biomolecular solvation software suite.  Protein Sci 27 112-128 (2018).
2026-08-17 07:55:52,524 INFO:main.py:248:print_splash_screen:Please cite:  Dolinsky TJ, et al.  PDB2PQR: expanding and upgrading automated preparation of biomolecular structures for molecular simulations. Nucleic Acids Res 35 W522-W525 (2007).
2026-08-17 07:55:52,524 INFO:main.py:770:main_driver:Checking and transforming input arguments.
2026-08-17 07:55:52,524 INFO:main.py:774:main_driver:Loading topology files.
2026-08-17 07:55:52,543 INFO:main.py:776:main_driver:Loading molecule: /Users/nek/Desktop/School/Research/Step_Outputs/Phase2/StepC/Supplementary_Archive/Vax_Var1_fb3faeb6_minimized.pdb
2026-08-17 07:55:52,544 INFO:main.py:781:main_driver:Setting up molecule.
2026-08-17 07:55:52,545 INFO:main.py:423:setup_molecule:Created biomolecule object with 138 residues and 1083 atoms.
2026-08-17 07:55:52,545 INFO:main.py:785:main_driver:Setting termini states for biomolecule chains.
2026-08-17 07:55:52,547 INFO:main.py:616:non_trivial:Loading forcefield.
2026-08-17 07:55:52,549 INFO:main.py:620:non_trivial:Loading hydrogen topology definitions.
2026-08-17 07:55:52,550 INFO:main.py:474:is_repairable:This biomolecule is clean.  No repair needed.
2026-08-17 07:55:52,550 INFO:main.py:635:non_trivial:Updating disulfide bridges.
2026-08-17 07:55:52,550 INFO:main.py:638:non_trivial:Debumping biomolecule.
2026-08-17 07:55:52,560 INFO:main.py:645:non_trivial:Assigning titration states with PROPKA.
2026-08-17 07:55:52,563 INFO:output.py:74:print_header:
propka3.5.1                                                                                  2026-08-17

-------------------------------------------------------------------------------
--                                                                           --
--  PROPKA: A PROTEIN PKA PREDICTOR                                          --
--                                                                           --
--  VERSION 1.0,  04/25/2004,  IOWA CITY                                     --
--  BY HUI LI                                                                --
--                                                                           --
--  VERSION 2.0,  11/05/2007, IOWA CITY/COPENHAGEN                           --
--  BY DELPHINE C. BAS AND DAVID M. ROGERS                                   --
--                                                                           --
--  VERSION 3.0,  01/06/2011, COPENHAGEN                                     --
--  BY MATS H.M. OLSSON AND CHRESTEN R. SONDERGARD                           --
--                                                                           --
--  VERSION 3.1,  07/01/2011, COPENHAGEN                                     --
--  BY CHRESTEN R. SONDERGARD AND MATS H.M. OLSSON                           --
--                                                                           --
--  VERSION 3.2,  06/17/2020, PLANET EARTH                                   --
--  SEE ABOVE FOR AUTHORS                                                    --
--                                                                           --
-------------------------------------------------------------------------------


-------------------------------------------------------------------------------
References:

Very Fast Empirical Prediction and Rationalization of Protein pKa Values.
Hui Li, Andrew D. Robertson and Jan H. Jensen. PROTEINS: Structure, Function,
and Bioinformatics. 61:704-721 (2005)

Very Fast Prediction and Rationalization of pKa Values for Protein-Ligand
Complexes.  Delphine C. Bas, David M. Rogers and Jan H. Jensen.  PROTEINS:
Structure, Function, and Bioinformatics 73:765-783 (2008)

PROPKA3: Consistent Treatment of Internal and Surface Residues in Empirical
pKa predictions.  Mats H.M. Olsson, Chresten R. Sondergard, Michal Rostkowski,
and Jan H. Jensen.  Journal of Chemical Theory and Computation, 7(2):525-537
(2011)

Improved Treatment of Ligands and Coupling Effects in Empirical Calculation
and Rationalization of pKa Values.  Chresten R. Sondergaard, Mats H.M. Olsson,
Michal Rostkowski, and Jan H. Jensen.  Journal of Chemical Theory and
Computation, (2011)
-------------------------------------------------------------------------------



2026-08-17 07:55:52,579 INFO:conformation_container.py:124:find_covalently_coupled_groups:Coupling map:

2026-08-17 07:55:52,579 INFO:conformation_container.py:213:calculate_pka:Calculating pKas for Conformation container 1A with 1306 atoms and 345 groups
2026-08-17 07:55:52,612 INFO:output.py:225:print_pka_section:pKa determinants:

---------  -----   ------   ---------------------    --------------    --------------    --------------
                            DESOLVATION  EFFECTS       SIDECHAIN          BACKBONE        COULOMBIC
 RESIDUE    pKa    BURIED     REGULAR      RE        HYDROGEN BOND     HYDROGEN BOND      INTERACTION
---------  -----   ------   ---------   ---------    --------------    --------------    --------------

ASP  70 A   3.91     0 %    0.21  171   0.00    0    0.00 XXX   0 X    0.00 XXX   0 X   -0.09 LYS  67 A

ASP 113 A   3.42     0 %    0.36  145   0.00    0   -0.73 ARG 112 A    0.00 XXX   0 X    0.00 XXX   0 X

GLU  27 A   2.17     0 %    0.68  243   0.00    0   -1.67 ARG  17 A   -0.84 LEU  24 A   -0.11 ARG  43 A
GLU  27 A                                            0.00 XXX   0 X    0.00 XXX   0 X   -0.01 LYS  44 A
GLU  27 A                                            0.00 XXX   0 X    0.00 XXX   0 X   -0.38 ARG  17 A

GLU  28 A   3.62     0 %    0.34  220   0.00    0   -0.70 ARG  42 A    0.00 XXX   0 X   -0.04 ARG  14 A
GLU  28 A                                            0.00 XXX   0 X    0.00 XXX   0 X   -0.04 LYS  44 A
GLU  28 A                                            0.00 XXX   0 X    0.00 XXX   0 X   -0.09 LYS  45 A
GLU  28 A                                            0.00 XXX   0 X    0.00 XXX   0 X   -0.34 ARG  42 A

GLU  46 A   4.47     0 %    0.10  122   0.00    0    0.00 XXX   0 X    0.00 XXX   0 X   -0.13 LYS  44 A

GLU  63 A   4.59     0 %    0.10  104   0.00    0    0.00 XXX   0 X    0.00 XXX   0 X   -0.01 LYS  68 A

GLU  72 A   3.31     0 %    0.21  150   0.00    0   -0.85 LYS  76 A    0.00 XXX   0 X   -0.17 LYS  68 A
GLU  72 A                                            0.00 XXX   0 X    0.00 XXX   0 X   -0.38 LYS  76 A

GLU  88 A   4.62     0 %    0.12  133   0.00    0    0.00 XXX   0 X    0.00 XXX   0 X    0.00 XXX   0 X

GLU  89 A   4.63     0 %    0.13   98   0.00    0    0.00 XXX   0 X    0.00 XXX   0 X    0.00 XXX   0 X

GLU  95 A   3.80     0 %    0.12   96   0.00    0   -0.82 ASN  93 A    0.00 XXX   0 X    0.00 XXX   0 X

GLU 115 A   4.50     0 %    0.21  184   0.00    0    0.00 XXX   0 X    0.00 XXX   0 X   -0.18 LYS 119 A
GLU 115 A                                            0.00 XXX   0 X    0.00 XXX   0 X   -0.03 LYS 122 A

GLU 134 A   4.56     0 %    0.06   60   0.00    0    0.00 XXX   0 X    0.00 XXX   0 X    0.00 XXX   0 X

C-  138 A   3.28     0 %    0.08   27   0.00    0    0.00 XXX   0 X    0.00 XXX   0 X    0.00 XXX   0 X

HIS  52 A   6.33     0 %   -0.17   96   0.00    0    0.00 XXX   0 X    0.00 XXX   0 X    0.00 XXX   0 X

HIS 123 A   6.33     0 %   -0.17  110   0.00    0    0.00 XXX   0 X    0.00 XXX   0 X    0.00 XXX   0 X

CYS  11 A  99.99     0 %    0.00    0   0.00    0    0.00 XXX   0 X    0.00 XXX   0 X    0.00 XXX   0 X

CYS  18 A  99.99     0 %    0.00    0   0.00    0    0.00 XXX   0 X    0.00 XXX   0 X    0.00 XXX   0 X

CYS  23 A  99.99     0 %    0.00    0   0.00    0    0.00 XXX   0 X    0.00 XXX   0 X    0.00 XXX   0 X

CYS  33 A  99.99     0 %    0.00    0   0.00    0    0.00 XXX   0 X    0.00 XXX   0 X    0.00 XXX   0 X

CYS  40 A  99.99     0 %    0.00    0   0.00    0    0.00 XXX   0 X    0.00 XXX   0 X    0.00 XXX   0 X

CYS  41 A  99.99     0 %    0.00    0   0.00    0    0.00 XXX   0 X    0.00 XXX   0 X    0.00 XXX   0 X

CYS  79 A   9.37     0 %    0.40  218   0.00    0    0.00 XXX   0 X   -0.03 CYS  79 A   -0.00 LYS  76 A

TYR   9 A  10.89     0 %    0.67  250   0.00    0    0.00 XXX   0 X    0.00 XXX   0 X   -0.04 ARG  12 A
TYR   9 A                                            0.00 XXX   0 X    0.00 XXX   0 X    0.09 ASP  70 A
TYR   9 A                                            0.00 XXX   0 X    0.00 XXX   0 X    0.16 TYR  74 A

TYR  10 A   9.85     0 %    0.20  233   0.00    0    0.00 XXX   0 X    0.00 XXX   0 X   -0.33 ARG  14 A
TYR  10 A                                            0.00 XXX   0 X    0.00 XXX   0 X   -0.02 LYS 103 A

TYR  74 A  10.40     0 %    0.41  253   0.00    0   -0.01 THR  78 A    0.00 XXX   0 X    0.00 XXX   0 X

TYR 117 A   9.62     0 %    0.23  193   0.00    0   -0.19 LYS 121 A    0.00 XXX   0 X   -0.05 LYS  68 A
TYR 117 A                                            0.00 XXX   0 X    0.00 XXX   0 X   -0.38 LYS 121 A

LYS   8 A  10.03     0 %   -0.14  220   0.00    0    0.00 XXX   0 X    0.00 XXX   0 X   -0.19 ARG  12 A
LYS   8 A                                            0.00 XXX   0 X    0.00 XXX   0 X   -0.14 ARG  38 A

LYS  26 A  10.44     0 %   -0.06  115   0.00    0    0.00 XXX   0 X    0.00 XXX   0 X    0.00 XXX   0 X

LYS  32 A  10.39     0 %   -0.11  190   0.00    0    0.00 XXX   0 X    0.00 XXX   0 X    0.00 XXX   0 X

LYS  39 A  10.20     0 %   -0.24  180   0.00    0    0.00 XXX   0 X    0.00 XXX   0 X   -0.06 LYS  32 A

LYS  44 A  10.42     0 %   -0.26  159   0.00    0    0.00 XXX   0 X    0.00 XXX   0 X    0.01 GLU  27 A
LYS  44 A                                            0.00 XXX   0 X    0.00 XXX   0 X    0.04 GLU  28 A
LYS  44 A                                            0.00 XXX   0 X    0.00 XXX   0 X    0.13 GLU  46 A

LYS  45 A  10.35     0 %   -0.09  199   0.00    0    0.00 XXX   0 X    0.00 XXX   0 X    0.09 GLU  28 A
LYS  45 A                                            0.00 XXX   0 X    0.00 XXX   0 X   -0.15 ARG  42 A

LYS  50 A  10.46     0 %   -0.04   75   0.00    0    0.00 XXX   0 X    0.00 XXX   0 X    0.00 XXX   0 X

LYS  67 A  10.33     0 %   -0.20  234   0.00    0    0.00 XXX   0 X    0.00 XXX   0 X   -0.06 ARG  12 A
LYS  67 A                                            0.00 XXX   0 X    0.00 XXX   0 X    0.09 ASP  70 A

LYS  68 A  10.49     0 %   -0.10  183   0.00    0    0.00 XXX   0 X    0.00 XXX   0 X    0.01 GLU  63 A
LYS  68 A                                            0.00 XXX   0 X    0.00 XXX   0 X    0.17 GLU  72 A
LYS  68 A                                            0.00 XXX   0 X    0.00 XXX   0 X   -0.01 LYS  76 A
LYS  68 A                                            0.00 XXX   0 X    0.00 XXX   0 X    0.05 TYR 117 A
LYS  68 A                                            0.00 XXX   0 X    0.00 XXX   0 X   -0.12 LYS 121 A

LYS  76 A  11.46     0 %   -0.27  131   0.00    0    0.85 GLU  72 A    0.00 XXX   0 X    0.00 CYS  79 A
LYS  76 A                                            0.00 XXX   0 X    0.00 XXX   0 X    0.38 GLU  72 A

LYS  85 A  10.41     0 %   -0.09  116   0.00    0    0.00 XXX   0 X    0.00 XXX   0 X    0.00 XXX   0 X

LYS  86 A  10.41     0 %   -0.09  131   0.00    0    0.00 XXX   0 X    0.00 XXX   0 X    0.00 XXX   0 X

LYS  90 A  10.40     0 %   -0.10  122   0.00    0    0.00 XXX   0 X    0.00 XXX   0 X    0.00 XXX   0 X

LYS 103 A  10.45     0 %   -0.07  155   0.00    0    0.00 XXX   0 X    0.00 XXX   0 X    0.02 TYR  10 A

LYS 104 A  10.48     0 %   -0.02   38   0.00    0    0.00 XXX   0 X    0.00 XXX   0 X    0.00 XXX   0 X

LYS 119 A  10.53     0 %   -0.15  141   0.00    0    0.00 XXX   0 X    0.00 XXX   0 X    0.18 GLU 115 A

LYS 121 A  10.90     0 %   -0.17  183   0.00    0    0.19 TYR 117 A    0.00 XXX   0 X    0.38 TYR 117 A

LYS 122 A  10.39     0 %   -0.13  138   0.00    0    0.00 XXX   0 X    0.00 XXX   0 X    0.03 GLU 115 A

ARG  12 A  12.37     0 %   -0.17  243   0.00    0    0.00 XXX   0 X    0.00 XXX   0 X    0.04 TYR   9 A

ARG  14 A  12.29     0 %   -0.43  246   0.00    0    0.00 XXX   0 X    0.00 XXX   0 X    0.33 TYR  10 A
ARG  14 A                                            0.00 XXX   0 X    0.00 XXX   0 X    0.04 GLU  28 A
ARG  14 A                                            0.00 XXX   0 X    0.00 XXX   0 X   -0.15 ARG  42 A

ARG  17 A  14.18     0 %   -0.37  234   0.00    0    1.67 GLU  27 A    0.00 XXX   0 X    0.38 GLU  27 A

ARG  36 A  12.44     0 %   -0.06  119   0.00    0    0.00 XXX   0 X    0.00 XXX   0 X    0.00 XXX   0 X

ARG  38 A  12.22     0 %   -0.27  233   0.00    0    0.00 XXX   0 X    0.00 XXX   0 X   -0.01 ARG  17 A

ARG  42 A  13.18     0 %   -0.37  237   0.00    0    0.70 GLU  28 A    0.00 XXX   0 X    0.34 GLU  28 A

ARG  43 A  12.47     0 %   -0.10  164   0.00    0    0.00 XXX   0 X    0.00 XXX   0 X    0.11 GLU  27 A
ARG  43 A                                            0.00 XXX   0 X    0.00 XXX   0 X   -0.05 ARG  17 A

ARG  62 A  12.43     0 %   -0.07  131   0.00    0    0.00 XXX   0 X    0.00 XXX   0 X    0.00 XXX   0 X

ARG  65 A  12.43     0 %   -0.07   79   0.00    0    0.00 XXX   0 X    0.00 XXX   0 X    0.00 XXX   0 X

ARG  69 A  12.45     0 %   -0.05   95   0.00    0    0.00 XXX   0 X    0.00 XXX   0 X    0.00 XXX   0 X

ARG 112 A  13.02     0 %   -0.22  118   0.00    0    0.73 ASP 113 A    0.00 XXX   0 X    0.00 XXX   0 X

ARG 133 A  12.44     0 %   -0.06   63   0.00    0    0.00 XXX   0 X    0.00 XXX   0 X    0.00 XXX   0 X

ARG 136 A  12.46     0 %   -0.04   45   0.00    0    0.00 XXX   0 X    0.00 XXX   0 X    0.00 XXX   0 X

N+    1 A   7.82     0 %   -0.18  130   0.00    0    0.00 XXX   0 X    0.00 XXX   0 X    0.00 XXX   0 X


2026-08-17 07:55:52,613 INFO:output.py:227:print_pka_section:pKa summary:
--------------------------------------------------------------------------------------------------------
SUMMARY OF THIS PREDICTION
       Group      pKa  model-pKa   ligand atom-type
   ASP  70 A     3.91       3.80                      
   ASP 113 A     3.42       3.80                      
   GLU  27 A     2.17       4.50                      
   GLU  28 A     3.62       4.50                      
   GLU  46 A     4.47       4.50                      
   GLU  63 A     4.59       4.50                      
   GLU  72 A     3.31       4.50                      
   GLU  88 A     4.62       4.50                      
   GLU  89 A     4.63       4.50                      
   GLU  95 A     3.80       4.50                      
   GLU 115 A     4.50       4.50                      
   GLU 134 A     4.56       4.50                      
   C-  138 A     3.28       3.20                      
   HIS  52 A     6.33       6.50                      
   HIS 123 A     6.33       6.50                      
   CYS  11 A    99.99       9.00                      
   CYS  18 A    99.99       9.00                      
   CYS  23 A    99.99       9.00                      
   CYS  33 A    99.99       9.00                      
   CYS  40 A    99.99       9.00                      
   CYS  41 A    99.99       9.00                      
   CYS  79 A     9.37       9.00                      
   TYR   9 A    10.89      10.00                      
   TYR  10 A     9.85      10.00                      
   TYR  74 A    10.40      10.00                      
   TYR 117 A     9.62      10.00                      
   LYS   8 A    10.03      10.50                      
   LYS  26 A    10.44      10.50                      
   LYS  32 A    10.39      10.50                      
   LYS  39 A    10.20      10.50                      
   LYS  44 A    10.42      10.50                      
   LYS  45 A    10.35      10.50                      
   LYS  50 A    10.46      10.50                      
   LYS  67 A    10.33      10.50                      
   LYS  68 A    10.49      10.50                      
   LYS  76 A    11.46      10.50                      
   LYS  85 A    10.41      10.50                      
   LYS  86 A    10.41      10.50                      
   LYS  90 A    10.40      10.50                      
   LYS 103 A    10.45      10.50                      
   LYS 104 A    10.48      10.50                      
   LYS 119 A    10.53      10.50                      
   LYS 121 A    10.90      10.50                      
   LYS 122 A    10.39      10.50                      
   ARG  12 A    12.37      12.50                      
   ARG  14 A    12.29      12.50                      
   ARG  17 A    14.18      12.50                      
   ARG  36 A    12.44      12.50                      
   ARG  38 A    12.22      12.50                      
   ARG  42 A    13.18      12.50                      
   ARG  43 A    12.47      12.50                      
   ARG  62 A    12.43      12.50                      
   ARG  65 A    12.43      12.50                      
   ARG  69 A    12.45      12.50                      
   ARG 112 A    13.02      12.50                      
   ARG 133 A    12.44      12.50                      
   ARG 136 A    12.46      12.50                      
   N+    1 A     7.82       8.00                      

2026-08-17 07:55:52,617 INFO:main.py:648:non_trivial:PROPKA information:
--------------------------------------------------------------------------------------------------------
Free energy of   folding (kcal/mol) as a function of pH (using neutral reference)
  0.00      2.68
  1.00      2.64
  2.00      2.33
  3.00      1.06
  4.00     -1.58
  5.00     -3.58
  6.00     -4.10
  7.00     -4.41
  8.00     -4.59
  9.00     -4.60
 10.00     -4.68
 11.00     -4.51
 12.00     -3.98
 13.00     -3.17
 14.00     -1.92

The pH of optimum stability is 10.3 for which the free energy is   -4.7 kcal/mol at 298K
The free energy is within 80 % of maximum at pH  5.3 to 12.4
The free energy is negative in the range  3.5 - 14.0


Protein charge of folded and unfolded state as a function of pH
    pH  unfolded  folded
  0.00     34.00   33.99
  0.10     34.00   33.99
  0.20     34.00   33.99
  0.30     34.00   33.98
  0.40     34.00   33.98
  0.50     34.00   33.97
  0.60     33.99   33.97
  0.70     33.99   33.96
  0.80     33.99   33.95
  0.90     33.99   33.93
  1.00     33.99   33.92
  1.10     33.98   33.90
  1.20     33.98   33.87
  1.30     33.97   33.84
  1.40     33.97   33.80
  1.50     33.96   33.76
  1.60     33.95   33.71
  1.70     33.94   33.64
  1.80     33.92   33.57
  1.90     33.90   33.49
  2.00     33.88   33.39
  2.10     33.85   33.29
  2.20     33.81   33.17
  2.30     33.76   33.04
  2.40     33.71   32.89
  2.50     33.64   32.73
  2.60     33.56   32.54
  2.70     33.46   32.34
  2.80     33.34   32.11
  2.90     33.20   31.86
  3.00     33.03   31.58
  3.10     32.84   31.27
  3.20     32.62   30.93
  3.30     32.37   30.56
  3.40     32.08   30.16
  3.50     31.76   29.74
  3.60     31.39   29.30
  3.70     30.98   28.83
  3.80     30.53   28.36
  3.90     30.04   27.87
  4.00     29.50   27.38
  4.10     28.92   26.87
  4.20     28.31   26.37
  4.30     27.67   25.86
  4.40     27.02   25.36
  4.50     26.36   24.87
  4.60     25.71   24.39
  4.70     25.09   23.94
  4.80     24.51   23.51
  4.90     23.96   23.11
  5.00     23.47   22.75
  5.10     23.04   22.43
  5.20     22.65   22.14
  5.30     22.32   21.88
  5.40     22.02   21.65
  5.50     21.77   21.44
  5.60     21.54   21.25
  5.70     21.34   21.07
  5.80     21.16   20.90
  5.90     20.99   20.74
  6.00     20.83   20.58
  6.10     20.67   20.43
  6.20     20.52   20.27
  6.30     20.37   20.12
  6.40     20.22   19.97
  6.50     20.07   19.83
  6.60     19.92   19.69
  6.70     19.78   19.57
  6.80     19.65   19.45
  6.90     19.52   19.33
  7.00     19.40   19.23
  7.10     19.29   19.13
  7.20     19.19   19.03
  7.30     19.08   18.94
  7.40     18.99   18.85
  7.50     18.89   18.76
  7.60     18.79   18.67
  7.70     18.70   18.58
  7.80     18.59   18.48
  7.90     18.49   18.38
  8.00     18.38   18.29
  8.10     18.26   18.18
  8.20     18.14   18.08
  8.30     18.01   17.97
  8.40     17.87   17.85
  8.50     17.72   17.72
  8.60     17.55   17.57
  8.70     17.37   17.40
  8.80     17.17   17.21
  8.90     16.94   16.98
  9.00     16.68   16.72
  9.10     16.38   16.41
  9.20     16.04   16.06
  9.30     15.64   15.64
  9.40     15.19   15.15
  9.50     14.66   14.60
  9.60     14.06   13.97
  9.70     13.37   13.25
  9.80     12.59   12.45
  9.90     11.71   11.57
 10.00     10.74   10.60
 10.10      9.68    9.57
 10.20      8.54    8.47
 10.30      7.34    7.32
 10.40      6.11    6.15
 10.50      4.87    4.98
 10.60      3.64    3.83
 10.70      2.45    2.71
 10.80      1.32    1.65
 10.90      0.27    0.65
 11.00     -0.70   -0.28
 11.10     -1.58   -1.14
 11.20     -2.38   -1.93
 11.30     -3.11   -2.67
 11.40     -3.79   -3.37
 11.50     -4.42   -4.02
 11.60     -5.03   -4.66
 11.70     -5.63   -5.29
 11.80     -6.24   -5.92
 11.90     -6.87   -6.57
 12.00     -7.53   -7.22
 12.10     -8.23   -7.90
 12.20     -8.96   -8.60
 12.30     -9.73   -9.31
 12.40    -10.51  -10.02
 12.50    -11.31  -10.73
 12.60    -12.09  -11.42
 12.70    -12.85  -12.09
 12.80    -13.56  -12.72
 12.90    -14.22  -13.31
 13.00    -14.82  -13.85
 13.10    -15.34  -14.34
 13.20    -15.80  -14.78
 13.30    -16.19  -15.17
 13.40    -16.52  -15.52
 13.50    -16.80  -15.83
 13.60    -17.03  -16.11
 13.70    -17.22  -16.35
 13.80    -17.37  -16.56
 13.90    -17.49  -16.75
 14.00    -17.60  -16.92
The pI is 10.97 (folded) and 10.93 (unfolded)

--------------------------------------------------------------------------------------------------------
2026-08-17 07:55:52,617 INFO:biomolecule.py:797:apply_pka_values:Applying pKa values at a pH of 7.00:
2026-08-17 07:55:52,617 INFO:main.py:661:non_trivial:Adding hydrogens to biomolecule.
2026-08-17 07:55:52,656 INFO:main.py:664:non_trivial:Debumping biomolecule (again).
2026-08-17 07:55:52,692 INFO:main.py:666:non_trivial:Optimizing hydrogen bonds
2026-08-17 07:55:52,746 INFO:main.py:678:non_trivial:Applying force field to biomolecule states.
2026-08-17 07:55:52,747 INFO:main.py:725:non_trivial:Regenerating headers.
2026-08-17 07:55:52,747 INFO:main.py:750:non_trivial:Regenerating PDB lines.
2026-08-17 07:55:52,751 WARNING:main.py:326:print_pqr:Ignoring 466 header lines in output.
